// Jest Snapshot v1, https://goo.gl/fbAQLP

exports[`AdminPreferences matches the snapshot 1`] = `
ShallowWrapper {
  Symbol(enzyme.__root__): [Circular],
  Symbol(enzyme.__unrendered__): <AdminPreferences />,
  Symbol(enzyme.__renderer__): Object {
    "batchedUpdates": [Function],
    "getNode": [Function],
    "render": [Function],
    "simulateError": [Function],
    "simulateEvent": [Function],
    "unmount": [Function],
  },
  Symbol(enzyme.__node__): Object {
    "instance": null,
    "key": undefined,
    "nodeType": "host",
    "props": Object {
      "children": Array [
        <div
          className="p-toggle-option"
        >
          <p>
            Veteran
          </p>
          <Switch
            className=""
            enabled={true}
            name="veteran"
            on={false}
            onClick={[Function]}
            onDisabledClick={[Function]}
          />
        </div>,
        <div
          className="p-toggle-option"
        >
          <p>
            Parent
          </p>
          <Switch
            className=""
            enabled={true}
            name="parent"
            on={false}
            onClick={[Function]}
            onDisabledClick={[Function]}
          />
        </div>,
        <div
          className="p-toggle-option"
        >
          <p>
            LGBTQIA+
          </p>
          <Switch
            className=""
            enabled={true}
            name="lgbtq"
            on={false}
            onClick={[Function]}
            onDisabledClick={[Function]}
          />
        </div>,
        <div
          className="p-toggle-option"
        >
          <p>
            Female-Identifying
          </p>
          <Switch
            className=""
            enabled={true}
            name="female"
            on={false}
            onClick={[Function]}
            onDisabledClick={[Function]}
          />
        </div>,
        <div
          className="p-toggle-option"
        >
          <p>
            Male-Identifying
          </p>
          <Switch
            className=""
            enabled={true}
            name="male"
            on={false}
            onClick={[Function]}
            onDisabledClick={[Function]}
          />
        </div>,
        <div
          className="p-toggle-option"
        >
          <p>
            Front-End
          </p>
          <Switch
            className=""
            enabled={true}
            name="frontEnd"
            on={false}
            onClick={[Function]}
            onDisabledClick={[Function]}
          />
        </div>,
        <div
          className="p-toggle-option"
        >
          <p>
            Back-End
          </p>
          <Switch
            className=""
            enabled={true}
            name="backEnd"
            on={false}
            onClick={[Function]}
            onDisabledClick={[Function]}
          />
        </div>,
      ],
      "className": "hide",
    },
    "ref": null,
    "rendered": Array [
      Object {
        "instance": null,
        "key": undefined,
        "nodeType": "host",
        "props": Object {
          "children": Array [
            <p>
              Veteran
            </p>,
            <Switch
              className=""
              enabled={true}
              name="veteran"
              on={false}
              onClick={[Function]}
              onDisabledClick={[Function]}
            />,
          ],
          "className": "p-toggle-option",
        },
        "ref": null,
        "rendered": Array [
          Object {
            "instance": null,
            "key": undefined,
            "nodeType": "host",
            "props": Object {
              "children": "Veteran",
            },
            "ref": null,
            "rendered": "Veteran",
            "type": "p",
          },
          Object {
            "instance": null,
            "key": undefined,
            "nodeType": "function",
            "props": Object {
              "className": "",
              "enabled": true,
              "name": "veteran",
              "on": false,
              "onClick": [Function],
              "onDisabledClick": [Function],
            },
            "ref": null,
            "rendered": null,
            "type": [Function],
          },
        ],
        "type": "div",
      },
      Object {
        "instance": null,
        "key": undefined,
        "nodeType": "host",
        "props": Object {
          "children": Array [
            <p>
              Parent
            </p>,
            <Switch
              className=""
              enabled={true}
              name="parent"
              on={false}
              onClick={[Function]}
              onDisabledClick={[Function]}
            />,
          ],
          "className": "p-toggle-option",
        },
        "ref": null,
        "rendered": Array [
          Object {
            "instance": null,
            "key": undefined,
            "nodeType": "host",
            "props": Object {
              "children": "Parent",
            },
            "ref": null,
            "rendered": "Parent",
            "type": "p",
          },
          Object {
            "instance": null,
            "key": undefined,
            "nodeType": "function",
            "props": Object {
              "className": "",
              "enabled": true,
              "name": "parent",
              "on": false,
              "onClick": [Function],
              "onDisabledClick": [Function],
            },
            "ref": null,
            "rendered": null,
            "type": [Function],
          },
        ],
        "type": "div",
      },
      Object {
        "instance": null,
        "key": undefined,
        "nodeType": "host",
        "props": Object {
          "children": Array [
            <p>
              LGBTQIA+
            </p>,
            <Switch
              className=""
              enabled={true}
              name="lgbtq"
              on={false}
              onClick={[Function]}
              onDisabledClick={[Function]}
            />,
          ],
          "className": "p-toggle-option",
        },
        "ref": null,
        "rendered": Array [
          Object {
            "instance": null,
            "key": undefined,
            "nodeType": "host",
            "props": Object {
              "children": "LGBTQIA+",
            },
            "ref": null,
            "rendered": "LGBTQIA+",
            "type": "p",
          },
          Object {
            "instance": null,
            "key": undefined,
            "nodeType": "function",
            "props": Object {
              "className": "",
              "enabled": true,
              "name": "lgbtq",
              "on": false,
              "onClick": [Function],
              "onDisabledClick": [Function],
            },
            "ref": null,
            "rendered": null,
            "type": [Function],
          },
        ],
        "type": "div",
      },
      Object {
        "instance": null,
        "key": undefined,
        "nodeType": "host",
        "props": Object {
          "children": Array [
            <p>
              Female-Identifying
            </p>,
            <Switch
              className=""
              enabled={true}
              name="female"
              on={false}
              onClick={[Function]}
              onDisabledClick={[Function]}
            />,
          ],
          "className": "p-toggle-option",
        },
        "ref": null,
        "rendered": Array [
          Object {
            "instance": null,
            "key": undefined,
            "nodeType": "host",
            "props": Object {
              "children": "Female-Identifying",
            },
            "ref": null,
            "rendered": "Female-Identifying",
            "type": "p",
          },
          Object {
            "instance": null,
            "key": undefined,
            "nodeType": "function",
            "props": Object {
              "className": "",
              "enabled": true,
              "name": "female",
              "on": false,
              "onClick": [Function],
              "onDisabledClick": [Function],
            },
            "ref": null,
            "rendered": null,
            "type": [Function],
          },
        ],
        "type": "div",
      },
      Object {
        "instance": null,
        "key": undefined,
        "nodeType": "host",
        "props": Object {
          "children": Array [
            <p>
              Male-Identifying
            </p>,
            <Switch
              className=""
              enabled={true}
              name="male"
              on={false}
              onClick={[Function]}
              onDisabledClick={[Function]}
            />,
          ],
          "className": "p-toggle-option",
        },
        "ref": null,
        "rendered": Array [
          Object {
            "instance": null,
            "key": undefined,
            "nodeType": "host",
            "props": Object {
              "children": "Male-Identifying",
            },
            "ref": null,
            "rendered": "Male-Identifying",
            "type": "p",
          },
          Object {
            "instance": null,
            "key": undefined,
            "nodeType": "function",
            "props": Object {
              "className": "",
              "enabled": true,
              "name": "male",
              "on": false,
              "onClick": [Function],
              "onDisabledClick": [Function],
            },
            "ref": null,
            "rendered": null,
            "type": [Function],
          },
        ],
        "type": "div",
      },
      Object {
        "instance": null,
        "key": undefined,
        "nodeType": "host",
        "props": Object {
          "children": Array [
            <p>
              Front-End
            </p>,
            <Switch
              className=""
              enabled={true}
              name="frontEnd"
              on={false}
              onClick={[Function]}
              onDisabledClick={[Function]}
            />,
          ],
          "className": "p-toggle-option",
        },
        "ref": null,
        "rendered": Array [
          Object {
            "instance": null,
            "key": undefined,
            "nodeType": "host",
            "props": Object {
              "children": "Front-End",
            },
            "ref": null,
            "rendered": "Front-End",
            "type": "p",
          },
          Object {
            "instance": null,
            "key": undefined,
            "nodeType": "function",
            "props": Object {
              "className": "",
              "enabled": true,
              "name": "frontEnd",
              "on": false,
              "onClick": [Function],
              "onDisabledClick": [Function],
            },
            "ref": null,
            "rendered": null,
            "type": [Function],
          },
        ],
        "type": "div",
      },
      Object {
        "instance": null,
        "key": undefined,
        "nodeType": "host",
        "props": Object {
          "children": Array [
            <p>
              Back-End
            </p>,
            <Switch
              className=""
              enabled={true}
              name="backEnd"
              on={false}
              onClick={[Function]}
              onDisabledClick={[Function]}
            />,
          ],
          "className": "p-toggle-option",
        },
        "ref": null,
        "rendered": Array [
          Object {
            "instance": null,
            "key": undefined,
            "nodeType": "host",
            "props": Object {
              "children": "Back-End",
            },
            "ref": null,
            "rendered": "Back-End",
            "type": "p",
          },
          Object {
            "instance": null,
            "key": undefined,
            "nodeType": "function",
            "props": Object {
              "className": "",
              "enabled": true,
              "name": "backEnd",
              "on": false,
              "onClick": [Function],
              "onDisabledClick": [Function],
            },
            "ref": null,
            "rendered": null,
            "type": [Function],
          },
        ],
        "type": "div",
      },
    ],
    "type": "div",
  },
  Symbol(enzyme.__nodes__): Array [
    Object {
      "instance": null,
      "key": undefined,
      "nodeType": "host",
      "props": Object {
        "children": Array [
          <div
            className="p-toggle-option"
          >
            <p>
              Veteran
            </p>
            <Switch
              className=""
              enabled={true}
              name="veteran"
              on={false}
              onClick={[Function]}
              onDisabledClick={[Function]}
            />
          </div>,
          <div
            className="p-toggle-option"
          >
            <p>
              Parent
            </p>
            <Switch
              className=""
              enabled={true}
              name="parent"
              on={false}
              onClick={[Function]}
              onDisabledClick={[Function]}
            />
          </div>,
          <div
            className="p-toggle-option"
          >
            <p>
              LGBTQIA+
            </p>
            <Switch
              className=""
              enabled={true}
              name="lgbtq"
              on={false}
              onClick={[Function]}
              onDisabledClick={[Function]}
            />
          </div>,
          <div
            className="p-toggle-option"
          >
            <p>
              Female-Identifying
            </p>
            <Switch
              className=""
              enabled={true}
              name="female"
              on={false}
              onClick={[Function]}
              onDisabledClick={[Function]}
            />
          </div>,
          <div
            className="p-toggle-option"
          >
            <p>
              Male-Identifying
            </p>
            <Switch
              className=""
              enabled={true}
              name="male"
              on={false}
              onClick={[Function]}
              onDisabledClick={[Function]}
            />
          </div>,
          <div
            className="p-toggle-option"
          >
            <p>
              Front-End
            </p>
            <Switch
              className=""
              enabled={true}
              name="frontEnd"
              on={false}
              onClick={[Function]}
              onDisabledClick={[Function]}
            />
          </div>,
          <div
            className="p-toggle-option"
          >
            <p>
              Back-End
            </p>
            <Switch
              className=""
              enabled={true}
              name="backEnd"
              on={false}
              onClick={[Function]}
              onDisabledClick={[Function]}
            />
          </div>,
        ],
        "className": "hide",
      },
      "ref": null,
      "rendered": Array [
        Object {
          "instance": null,
          "key": undefined,
          "nodeType": "host",
          "props": Object {
            "children": Array [
              <p>
                Veteran
              </p>,
              <Switch
                className=""
                enabled={true}
                name="veteran"
                on={false}
                onClick={[Function]}
                onDisabledClick={[Function]}
              />,
            ],
            "className": "p-toggle-option",
          },
          "ref": null,
          "rendered": Array [
            Object {
              "instance": null,
              "key": undefined,
              "nodeType": "host",
              "props": Object {
                "children": "Veteran",
              },
              "ref": null,
              "rendered": "Veteran",
              "type": "p",
            },
            Object {
              "instance": null,
              "key": undefined,
              "nodeType": "function",
              "props": Object {
                "className": "",
                "enabled": true,
                "name": "veteran",
                "on": false,
                "onClick": [Function],
                "onDisabledClick": [Function],
              },
              "ref": null,
              "rendered": null,
              "type": [Function],
            },
          ],
          "type": "div",
        },
        Object {
          "instance": null,
          "key": undefined,
          "nodeType": "host",
          "props": Object {
            "children": Array [
              <p>
                Parent
              </p>,
              <Switch
                className=""
                enabled={true}
                name="parent"
                on={false}
                onClick={[Function]}
                onDisabledClick={[Function]}
              />,
            ],
            "className": "p-toggle-option",
          },
          "ref": null,
          "rendered": Array [
            Object {
              "instance": null,
              "key": undefined,
              "nodeType": "host",
              "props": Object {
                "children": "Parent",
              },
              "ref": null,
              "rendered": "Parent",
              "type": "p",
            },
            Object {
              "instance": null,
              "key": undefined,
              "nodeType": "function",
              "props": Object {
                "className": "",
                "enabled": true,
                "name": "parent",
                "on": false,
                "onClick": [Function],
                "onDisabledClick": [Function],
              },
              "ref": null,
              "rendered": null,
              "type": [Function],
            },
          ],
          "type": "div",
        },
        Object {
          "instance": null,
          "key": undefined,
          "nodeType": "host",
          "props": Object {
            "children": Array [
              <p>
                LGBTQIA+
              </p>,
              <Switch
                className=""
                enabled={true}
                name="lgbtq"
                on={false}
                onClick={[Function]}
                onDisabledClick={[Function]}
              />,
            ],
            "className": "p-toggle-option",
          },
          "ref": null,
          "rendered": Array [
            Object {
              "instance": null,
              "key": undefined,
              "nodeType": "host",
              "props": Object {
                "children": "LGBTQIA+",
              },
              "ref": null,
              "rendered": "LGBTQIA+",
              "type": "p",
            },
            Object {
              "instance": null,
              "key": undefined,
              "nodeType": "function",
              "props": Object {
                "className": "",
                "enabled": true,
                "name": "lgbtq",
                "on": false,
                "onClick": [Function],
                "onDisabledClick": [Function],
              },
              "ref": null,
              "rendered": null,
              "type": [Function],
            },
          ],
          "type": "div",
        },
        Object {
          "instance": null,
          "key": undefined,
          "nodeType": "host",
          "props": Object {
            "children": Array [
              <p>
                Female-Identifying
              </p>,
              <Switch
                className=""
                enabled={true}
                name="female"
                on={false}
                onClick={[Function]}
                onDisabledClick={[Function]}
              />,
            ],
            "className": "p-toggle-option",
          },
          "ref": null,
          "rendered": Array [
            Object {
              "instance": null,
              "key": undefined,
              "nodeType": "host",
              "props": Object {
                "children": "Female-Identifying",
              },
              "ref": null,
              "rendered": "Female-Identifying",
              "type": "p",
            },
            Object {
              "instance": null,
              "key": undefined,
              "nodeType": "function",
              "props": Object {
                "className": "",
                "enabled": true,
                "name": "female",
                "on": false,
                "onClick": [Function],
                "onDisabledClick": [Function],
              },
              "ref": null,
              "rendered": null,
              "type": [Function],
            },
          ],
          "type": "div",
        },
        Object {
          "instance": null,
          "key": undefined,
          "nodeType": "host",
          "props": Object {
            "children": Array [
              <p>
                Male-Identifying
              </p>,
              <Switch
                className=""
                enabled={true}
                name="male"
                on={false}
                onClick={[Function]}
                onDisabledClick={[Function]}
              />,
            ],
            "className": "p-toggle-option",
          },
          "ref": null,
          "rendered": Array [
            Object {
              "instance": null,
              "key": undefined,
              "nodeType": "host",
              "props": Object {
                "children": "Male-Identifying",
              },
              "ref": null,
              "rendered": "Male-Identifying",
              "type": "p",
            },
            Object {
              "instance": null,
              "key": undefined,
              "nodeType": "function",
              "props": Object {
                "className": "",
                "enabled": true,
                "name": "male",
                "on": false,
                "onClick": [Function],
                "onDisabledClick": [Function],
              },
              "ref": null,
              "rendered": null,
              "type": [Function],
            },
          ],
          "type": "div",
        },
        Object {
          "instance": null,
          "key": undefined,
          "nodeType": "host",
          "props": Object {
            "children": Array [
              <p>
                Front-End
              </p>,
              <Switch
                className=""
                enabled={true}
                name="frontEnd"
                on={false}
                onClick={[Function]}
                onDisabledClick={[Function]}
              />,
            ],
            "className": "p-toggle-option",
          },
          "ref": null,
          "rendered": Array [
            Object {
              "instance": null,
              "key": undefined,
              "nodeType": "host",
              "props": Object {
                "children": "Front-End",
              },
              "ref": null,
              "rendered": "Front-End",
              "type": "p",
            },
            Object {
              "instance": null,
              "key": undefined,
              "nodeType": "function",
              "props": Object {
                "className": "",
                "enabled": true,
                "name": "frontEnd",
                "on": false,
                "onClick": [Function],
                "onDisabledClick": [Function],
              },
              "ref": null,
              "rendered": null,
              "type": [Function],
            },
          ],
          "type": "div",
        },
        Object {
          "instance": null,
          "key": undefined,
          "nodeType": "host",
          "props": Object {
            "children": Array [
              <p>
                Back-End
              </p>,
              <Switch
                className=""
                enabled={true}
                name="backEnd"
                on={false}
                onClick={[Function]}
                onDisabledClick={[Function]}
              />,
            ],
            "className": "p-toggle-option",
          },
          "ref": null,
          "rendered": Array [
            Object {
              "instance": null,
              "key": undefined,
              "nodeType": "host",
              "props": Object {
                "children": "Back-End",
              },
              "ref": null,
              "rendered": "Back-End",
              "type": "p",
            },
            Object {
              "instance": null,
              "key": undefined,
              "nodeType": "function",
              "props": Object {
                "className": "",
                "enabled": true,
                "name": "backEnd",
                "on": false,
                "onClick": [Function],
                "onDisabledClick": [Function],
              },
              "ref": null,
              "rendered": null,
              "type": [Function],
            },
          ],
          "type": "div",
        },
      ],
      "type": "div",
    },
  ],
  Symbol(enzyme.__options__): Object {
    "adapter": ReactSixteenAdapter {
      "options": Object {
        "enableComponentDidUpdateOnSetState": true,
        "lifecycles": Object {
          "componentDidUpdate": Object {
            "onSetState": true,
          },
          "getDerivedStateFromProps": true,
          "getSnapshotBeforeUpdate": true,
          "setState": Object {
            "skipsComponentDidUpdateOnNullish": true,
          },
        },
      },
    },
  },
}
`;
