// Jest Snapshot v1, https://goo.gl/fbAQLP

exports[`PathError should match the snapshot 1`] = `
ShallowWrapper {
  Symbol(enzyme.__root__): [Circular],
  Symbol(enzyme.__unrendered__): <PathError />,
  Symbol(enzyme.__renderer__): Object {
    "batchedUpdates": [Function],
    "getNode": [Function],
    "render": [Function],
    "simulateError": [Function],
    "simulateEvent": [Function],
    "unmount": [Function],
  },
  Symbol(enzyme.__node__): Object {
    "instance": null,
    "key": undefined,
    "nodeType": "host",
    "props": Object {
      "children": Array [
        <h1>
          Oops! This page does not exist.
        </h1>,
        <Link
          className="pe-back-btn"
          replace={false}
          to="/"
        >
          ← Reroute to homepage
        </Link>,
      ],
      "className": "pe-container",
    },
    "ref": null,
    "rendered": Array [
      Object {
        "instance": null,
        "key": undefined,
        "nodeType": "host",
        "props": Object {
          "children": "Oops! This page does not exist.",
        },
        "ref": null,
        "rendered": "Oops! This page does not exist.",
        "type": "h1",
      },
      Object {
        "instance": null,
        "key": undefined,
        "nodeType": "class",
        "props": Object {
          "children": "← Reroute to homepage",
          "className": "pe-back-btn",
          "replace": false,
          "to": "/",
        },
        "ref": null,
        "rendered": "← Reroute to homepage",
        "type": [Function],
      },
    ],
    "type": "div",
  },
  Symbol(enzyme.__nodes__): Array [
    Object {
      "instance": null,
      "key": undefined,
      "nodeType": "host",
      "props": Object {
        "children": Array [
          <h1>
            Oops! This page does not exist.
          </h1>,
          <Link
            className="pe-back-btn"
            replace={false}
            to="/"
          >
            ← Reroute to homepage
          </Link>,
        ],
        "className": "pe-container",
      },
      "ref": null,
      "rendered": Array [
        Object {
          "instance": null,
          "key": undefined,
          "nodeType": "host",
          "props": Object {
            "children": "Oops! This page does not exist.",
          },
          "ref": null,
          "rendered": "Oops! This page does not exist.",
          "type": "h1",
        },
        Object {
          "instance": null,
          "key": undefined,
          "nodeType": "class",
          "props": Object {
            "children": "← Reroute to homepage",
            "className": "pe-back-btn",
            "replace": false,
            "to": "/",
          },
          "ref": null,
          "rendered": "← Reroute to homepage",
          "type": [Function],
        },
      ],
      "type": "div",
    },
  ],
  Symbol(enzyme.__options__): Object {
    "adapter": ReactSixteenAdapter {
      "options": Object {
        "enableComponentDidUpdateOnSetState": true,
        "lifecycles": Object {
          "componentDidUpdate": Object {
            "onSetState": true,
          },
          "getDerivedStateFromProps": true,
          "getSnapshotBeforeUpdate": true,
          "setState": Object {
            "skipsComponentDidUpdateOnNullish": true,
          },
        },
      },
    },
  },
}
`;
